Existing appointments:
John Doe -> Dr. Sarah Jenkins on 2026-03-25 at 10:00:00
Jane Smith -> Dr. Robert Chen on 2026-03-26 at 14:30:00
John Doe -> Dr. Sarah Jenkins on 2026-03-28 at 11:00:00
Jane Smith -> Dr. Robert Chen on 2026-03-29 at 12:00:00
Jane Smith -> Dr. Robert Chen on 2026-03-30 at 10:00:00
Jane Smith -> Dr. Sarah Jenkins on 2026-03-30 at 10:30:00
John Doe -> Dr. Sarah Jenkins on 2026-03-30 at 11:00:00
John Doe -> Dr. Robert Chen on 2026-03-30 at 12:00:00
John Doe -> Dr. Sarah Jenkins on 2026-03-31 at 11:00:00
John Doe -> Dr. Sarah Jenkins on 2026-04-01 at 10:00:00
Booking a new appointment...
[ERROR] Failed to execute goal org.codehaus.mojo:exec-maven-plugin:3.6.3:java (default-cli) on project SmartHospitalQueueSystem: An exception occurred while executing the Java class. Database error: ERROR: duplicate key value violates unique constraint "unique_doctor_slot"
[ERROR]   Detail: Key (doctor_id, appointment_date, appointment_time)=(2, 2026-04-01, 10:00:00) already exists.
[ERROR] -> [Help 1]
[ERROR] 
[ERROR] To see the full stack trace of the errors, re-run Maven with the -e switch.
[ERROR] Re-run Maven using the -X switch to enable full debug logging.
[ERROR] 
[ERROR] For more information about the errors and possible solutions, please read the following articles:
[ERROR] [Help 1] http://cwiki.apache.org/confluence/display/MAVEN/MojoExecutionException
